ERROR - 2026-09-24 08:31:31 --> Severity: Warning --> Undefined property: stdClass::$updated_at C:\xampp\htdocs\inventory_management_system\application\controllers\Users.php 133
ERROR - 2026-09-24 08:31:35 --> Severity: Warning --> Undefined property: stdClass::$updated_at C:\xampp\htdocs\inventory_management_system\application\controllers\Users.php 133
ERROR - 2026-09-24 08:31:45 --> Severity: Warning --> Undefined property: stdClass::$updated_at C:\xampp\htdocs\inventory_management_system\application\controllers\Users.php 133
ERROR - 2026-09-24 08:31:46 --> Severity: Warning --> Undefined property: stdClass::$updated_at C:\xampp\htdocs\inventory_management_system\application\controllers\Users.php 133
ERROR - 2026-09-24 08:33:28 --> Severity: Warning --> Undefined property: stdClass::$updated_at C:\xampp\htdocs\inventory_management_system\application\controllers\Users.php 133
ERROR - 2026-09-24 08:35:52 --> Severity: Warning --> Undefined property: stdClass::$updated_at C:\xampp\htdocs\inventory_management_system\application\controllers\Users.php 133
ERROR - 2026-09-24 08:37:59 --> Severity: Warning --> Undefined property: stdClass::$updated_at C:\xampp\htdocs\inventory_management_system\application\controllers\Users.php 133
ERROR - 2026-09-24 08:41:48 --> Severity: Warning --> Undefined property: stdClass::$updated_at C:\xampp\htdocs\inventory_management_system\application\controllers\Users.php 133
ERROR - 2026-09-24 08:42:02 --> Severity: Warning --> Undefined property: stdClass::$updated_at C:\xampp\htdocs\inventory_management_system\application\controllers\Users.php 133
ERROR - 2026-09-24 08:50:02 --> Severity: Warning --> Undefined property: stdClass::$updated_at C:\xampp\htdocs\inventory_management_system\application\controllers\Users.php 133
ERROR - 2026-09-24 09:40:35 --> Query error: Unknown column 'u.created_at' in 'where clause' - Invalid query: SELECT `s`.`id`, `s`.`supplier_name`, `s`.`contact_person`, `s`.`phone`, `s`.`address`, `s`.`status`, `s`.`created_at`, `s`.`updated_at`
FROM `suppliers` `s`
WHERE   (
`s`.`supplier_name` LIKE '%mama%' ESCAPE '!'
OR  `s`.`contact_person` LIKE '%mama%' ESCAPE '!'
OR  `s`.`phone` LIKE '%mama%' ESCAPE '!'
OR  `s`.`address` LIKE '%mama%' ESCAPE '!'
OR  `u`.`created_at` LIKE '%mama%' ESCAPE '!'
OR  `u`.`updated_at` LIKE '%mama%' ESCAPE '!'
 )
ORDER BY `s`.`supplier_name` ASC
 LIMIT 10
ERROR - 2026-09-24 10:55:32 --> Severity: error --> Exception: syntax error, unexpected token "endif", expecting end of file C:\xampp\htdocs\inventory_management_system\application\views\templates\header.php 41
ERROR - 2026-09-24 11:08:41 --> Severity: Warning --> Undefined variable $permissions C:\xampp\htdocs\inventory_management_system\application\views\templates\header.php 36
ERROR - 2026-09-24 11:08:41 --> Severity: error --> Exception: in_array(): Argument #2 ($haystack) must be of type array, null given C:\xampp\htdocs\inventory_management_system\application\views\templates\header.php 36
ERROR - 2026-09-24 12:10:02 --> 404 Page Not Found: Assets/css
ERROR - 2026-09-24 12:11:40 --> 404 Page Not Found: Assets/images
ERROR - 2026-09-24 12:13:14 --> 404 Page Not Found: Assets/images
